Component: ARM Compiler 5.06 update 6 (build 750) Tool: armlink [4d35ed]

==============================================================================

Section Cross References

    startup.o(STACK) refers (Special) to heapauxi.o(.text) for __use_two_region_memory
    startup.o(HEAP) refers (Special) to heapauxi.o(.text) for __use_two_region_memory
    startup.o(RESET) refers (Special) to heapauxi.o(.text) for __use_two_region_memory
    startup.o(RESET) refers to startup.o(STACK) for __initial_sp
    startup.o(RESET) refers to startup.o(.text) for Reset_Handler
    startup.o(RESET) refers to uart.o(.text) for UARTA_IRQHandler
    startup.o(RESET) refers to usb_app.o(.text) for USB_IRQHandler
    startup.o(.text) refers (Special) to heapauxi.o(.text) for __use_two_region_memory
    startup.o(.text) refers to __main.o(!!!main) for __main
    startup.o(.text) refers to startup.o(HEAP) for Heap_Mem
    startup.o(.text) refers to startup.o(STACK) for Stack_Mem
    system_ach512.o(.text) refers to system_ach512.o(.data) for .data
    system_ach512.o(.text) refers to common.o(.text) for delay
    uart.o(.text) refers to _printf_percent.o(.ARM.Collect$$_printf_percent$$00000000) for _printf_percent
    uart.o(.text) refers to _printf_d.o(.ARM.Collect$$_printf_percent$$00000009) for _printf_d
    uart.o(.text) refers to _printf_dec.o(.text) for _printf_int_dec
    uart.o(.text) refers to noretval__2printf.o(.text) for __2printf
    uart.o(.text) refers to uart.o(.data) for .data
    uart.o(.text) refers to uart.o(.bss) for .bss
    uart.o(.text) refers to system_ach512.o(.data) for PClock
    usb.o(.text) refers to usb.o(.data) for .data
    usb_app.o(.text) refers to usb.o(.text) for usb_read_ep_fifo
    usb_app.o(.text) refers to webusb.o(.text) for USBD_EndPoint0_Setup_WebUSB_ReqToDevice
    usb_app.o(.text) refers to usb_app.o(.data) for .data
    usb_app.o(.text) refers to usb_app.o(.bss) for .bss
    usb_app.o(.text) refers to usb.o(.data) for flag_clear_stall
    usb_app.o(.text) refers to common.o(.text) for delay
    usb_app.o(.text) refers to usb_desc.o(.data) for device_descr
    usb_app.o(.text) refers to usb_desc.o(.data) for device_qualifier_descr
    usb_app.o(.text) refers to usb_desc.o(.constdata) for Fido_HID_ReportDescriptor
    usb_app.o(.text) refers to usb_desc.o(.constdata) for Vendor_HID_ReportDescriptor
    usb_app.o(.text) refers to usb_desc.o(.data) for USBD_HID_Desc
    usb_app.o(.text) refers to usb_desc.o(.constdata) for usb_descriptor_config
    usb_app.o(.text) refers to usb_desc.o(.data) for StrDesc_LanguageID
    usb_app.o(.text) refers to usb_desc.o(.data) for StrDesc_Manufacturer
    usb_app.o(.text) refers to usb_desc.o(.data) for StrDesc_Product
    usb_app.o(.text) refers to usb_desc.o(.data) for StrDesc_SerialNumber
    usb_app.o(.text) refers to usb_desc.o(.data) for StrDesc_WebusbNumber
    usb_app.o(.text) refers to webusb.o(.constdata) for USBD_BinaryObjectStoreDescriptor
    usb_app.o(.data) refers to usb_app.o(.text) for usb_get_status
    webusb.o(.text) refers to usb.o(.text) for usb_send_data
    webusb.o(.text) refers to webusb.o(.constdata) for .constdata
    common.o(.text) refers to _printf_percent.o(.ARM.Collect$$_printf_percent$$00000000) for _printf_percent
    common.o(.text) refers to _printf_x.o(.ARM.Collect$$_printf_percent$$0000000C) for _printf_x
    common.o(.text) refers to _printf_hex_int.o(.text) for _printf_longlong_hex
    common.o(.text) refers to noretval__2printf.o(.text) for __2printf
    main.o(.text) refers to system_ach512.o(.text) for SystemInit
    main.o(.text) refers to uart.o(.text) for uart_init
    main.o(.text) refers to usb_app.o(.text) for usb_initial
    __2printf.o(.text) refers to _printf_char_file.o(.text) for _printf_char_file
    __2printf.o(.text) refers to uart.o(.data) for __stdout
    noretval__2printf.o(.text) refers to _printf_char_file.o(.text) for _printf_char_file
    noretval__2printf.o(.text) refers to uart.o(.data) for __stdout
    __printf.o(.text) refers to _printf_percent.o(.ARM.Collect$$_printf_percent$$00000000) for _printf_percent
    _printf_dec.o(.text) refers to _printf_intcommon.o(.text) for _printf_int_common
    _printf_hex_ll.o(.text) refers to _printf_intcommon.o(.text) for _printf_int_common
    _printf_hex_ll.o(.text) refers to _printf_hex_ll.o(.constdata) for .constdata
    _printf_hex_int.o(.text) refers to _printf_intcommon.o(.text) for _printf_int_common
    _printf_hex_int.o(.text) refers to _printf_hex_int.o(.constdata) for .constdata
    _printf_hex_int_ll.o(.text) refers to _printf_intcommon.o(.text) for _printf_int_common
    _printf_hex_int_ll.o(.text) refers to _printf_hex_int_ll.o(.constdata) for .constdata
    _printf_hex_ptr.o(.text) refers to _printf_intcommon.o(.text) for _printf_int_common
    _printf_hex_ptr.o(.text) refers to _printf_hex_ptr.o(.constdata) for .constdata
    _printf_hex_int_ptr.o(.text) refers to _printf_intcommon.o(.text) for _printf_int_common
    _printf_hex_int_ptr.o(.text) refers to _printf_hex_int_ptr.o(.constdata) for .constdata
    _printf_hex_ll_ptr.o(.text) refers to _printf_intcommon.o(.text) for _printf_int_common
    _printf_hex_ll_ptr.o(.text) refers to _printf_hex_ll_ptr.o(.constdata) for .constdata
    _printf_hex_int_ll_ptr.o(.text) refers to _printf_intcommon.o(.text) for _printf_int_common
    _printf_hex_int_ll_ptr.o(.text) refers to _printf_hex_int_ll_ptr.o(.constdata) for .constdata
    __printf_flags.o(.text) refers to _printf_percent.o(.ARM.Collect$$_printf_percent$$00000000) for _printf_percent
    __printf_flags.o(.text) refers to __printf_flags.o(.constdata) for .constdata
    __printf_ss.o(.text) refers to _printf_percent.o(.ARM.Collect$$_printf_percent$$00000000) for _printf_percent
    __printf_flags_ss.o(.text) refers to _printf_percent.o(.ARM.Collect$$_printf_percent$$00000000) for _printf_percent
    __printf_flags_ss.o(.text) refers to __printf_flags_ss.o(.constdata) for .constdata
    __printf_wp.o(.text) refers to __printf_wp.o(i._is_digit) for _is_digit
    __printf_wp.o(.text) refers to _printf_percent.o(.ARM.Collect$$_printf_percent$$00000000) for _printf_percent
    __printf_flags_wp.o(.text) refers to __printf_wp.o(i._is_digit) for _is_digit
    __printf_flags_wp.o(.text) refers to _printf_percent.o(.ARM.Collect$$_printf_percent$$00000000) for _printf_percent
    __printf_flags_wp.o(.text) refers to __printf_flags_wp.o(.constdata) for .constdata
    __printf_ss_wp.o(.text) refers to __printf_wp.o(i._is_digit) for _is_digit
    __printf_ss_wp.o(.text) refers to _printf_percent.o(.ARM.Collect$$_printf_percent$$00000000) for _printf_percent
    __printf_flags_ss_wp.o(.text) refers to __printf_wp.o(i._is_digit) for _is_digit
    __printf_flags_ss_wp.o(.text) refers to _printf_percent.o(.ARM.Collect$$_printf_percent$$00000000) for _printf_percent
    __printf_flags_ss_wp.o(.text) refers to __printf_flags_ss_wp.o(.constdata) for .constdata
    _printf_x.o(.ARM.Collect$$_printf_percent$$0000000C) refers (Weak) to _printf_hex_int.o(.text) for _printf_int_hex
    _printf_d.o(.ARM.Collect$$_printf_percent$$00000009) refers (Weak) to _printf_dec.o(.text) for _printf_int_dec
    _printf_percent.o(.ARM.Collect$$_printf_percent$$00000000) refers (Special) to _printf_percent_end.o(.ARM.Collect$$_printf_percent$$00000017) for _printf_percent_end
    __main.o(!!!main) refers to __rtentry.o(.ARM.Collect$$rtentry$$00000000) for __rt_entry
    __rtentry.o(.ARM.Collect$$rtentry$$00000000) refers (Special) to __rtentry2.o(.ARM.Collect$$rtentry$$0000000A) for __rt_entry_li
    __rtentry.o(.ARM.Collect$$rtentry$$00000000) refers (Special) to __rtentry2.o(.ARM.Collect$$rtentry$$0000000D) for __rt_entry_main
    __rtentry.o(.ARM.Collect$$rtentry$$00000000) refers (Special) to __rtentry2.o(.ARM.Collect$$rtentry$$0000000C) for __rt_entry_postli_1
    __rtentry.o(.ARM.Collect$$rtentry$$00000000) refers (Special) to __rtentry2.o(.ARM.Collect$$rtentry$$00000009) for __rt_entry_postsh_1
    __rtentry.o(.ARM.Collect$$rtentry$$00000000) refers (Special) to __rtentry2.o(.ARM.Collect$$rtentry$$00000002) for __rt_entry_presh_1
    __rtentry.o(.ARM.Collect$$rtentry$$00000000) refers (Special) to __rtentry4.o(.ARM.Collect$$rtentry$$00000004) for __rt_entry_sh
    _printf_char_file.o(.text) refers to _printf_char_common.o(.text) for _printf_char_common
    _printf_char_file.o(.text) refers to ferror.o(.text) for ferror
    _printf_char_file.o(.text) refers to uart.o(.text) for fputc
    __rtentry2.o(.ARM.Collect$$rtentry$$00000008) refers to boardinit2.o(.text) for _platform_post_stackheap_init
    __rtentry2.o(.ARM.Collect$$rtentry$$0000000A) refers to libinit.o(.ARM.Collect$$libinit$$00000000) for __rt_lib_init
    __rtentry2.o(.ARM.Collect$$rtentry$$0000000B) refers to boardinit3.o(.text) for _platform_post_lib_init
    __rtentry2.o(.ARM.Collect$$rtentry$$0000000D) refers to main.o(.text) for main
    __rtentry2.o(.ARM.Collect$$rtentry$$0000000D) refers to exit.o(.text) for exit
    __rtentry2.o(.ARM.exidx) refers to __rtentry2.o(.ARM.Collect$$rtentry$$00000001) for .ARM.Collect$$rtentry$$00000001
    __rtentry2.o(.ARM.exidx) refers to __rtentry2.o(.ARM.Collect$$rtentry$$00000008) for .ARM.Collect$$rtentry$$00000008
    __rtentry2.o(.ARM.exidx) refers to __rtentry2.o(.ARM.Collect$$rtentry$$0000000A) for .ARM.Collect$$rtentry$$0000000A
    __rtentry2.o(.ARM.exidx) refers to __rtentry2.o(.ARM.Collect$$rtentry$$0000000B) for .ARM.Collect$$rtentry$$0000000B
    __rtentry2.o(.ARM.exidx) refers to __rtentry2.o(.ARM.Collect$$rtentry$$0000000D) for .ARM.Collect$$rtentry$$0000000D
    __rtentry4.o(.ARM.Collect$$rtentry$$00000004) refers to sys_stackheap_outer.o(.text) for __user_setup_stackheap
    __rtentry4.o(.ARM.exidx) refers to __rtentry4.o(.ARM.Collect$$rtentry$$00000004) for .ARM.Collect$$rtentry$$00000004
    _printf_char_common.o(.text) refers to __printf_wp.o(.text) for __printf
    sys_stackheap_outer.o(.text) refers to libspace.o(.text) for __user_perproc_libspace
    sys_stackheap_outer.o(.text) refers to startup.o(.text) for __user_initial_stackheap
    exit.o(.text) refers to rtexit.o(.ARM.Collect$$rtexit$$00000000) for __rt_exit
    libinit.o(.ARM.Collect$$libinit$$00000000) refers (Special) to libinit2.o(.ARM.Collect$$libinit$$0000002E) for __rt_lib_init_alloca_1
    libinit.o(.ARM.Collect$$libinit$$00000000) refers (Special) to libinit2.o(.ARM.Collect$$libinit$$0000002C) for __rt_lib_init_argv_1
    libinit.o(.ARM.Collect$$libinit$$00000000) refers (Special) to libinit2.o(.ARM.Collect$$libinit$$0000001B) for __rt_lib_init_atexit_1
    libinit.o(.ARM.Collect$$libinit$$00000000) refers (Special) to libinit2.o(.ARM.Collect$$libinit$$00000021) for __rt_lib_init_clock_1
    libinit.o(.ARM.Collect$$libinit$$00000000) refers (Special) to libinit2.o(.ARM.Collect$$libinit$$00000032) for __rt_lib_init_cpp_1
    libinit.o(.ARM.Collect$$libinit$$00000000) refers (Special) to libinit2.o(.ARM.Collect$$libinit$$00000030) for __rt_lib_init_exceptions_1
    libinit.o(.ARM.Collect$$libinit$$00000000) refers (Special) to libinit2.o(.ARM.Collect$$libinit$$00000002) for __rt_lib_init_fp_1
    libinit.o(.ARM.Collect$$libinit$$00000000) refers (Special) to libinit2.o(.ARM.Collect$$libinit$$0000001F) for __rt_lib_init_fp_trap_1
    libinit.o(.ARM.Collect$$libinit$$00000000) refers (Special) to libinit2.o(.ARM.Collect$$libinit$$00000023) for __rt_lib_init_getenv_1
    libinit.o(.ARM.Collect$$libinit$$00000000) refers (Special) to libinit2.o(.ARM.Collect$$libinit$$0000000A) for __rt_lib_init_heap_1
    libinit.o(.ARM.Collect$$libinit$$00000000) refers (Special) to libinit2.o(.ARM.Collect$$libinit$$00000011) for __rt_lib_init_lc_collate_1
    libinit.o(.ARM.Collect$$libinit$$00000000) refers (Special) to libinit2.o(.ARM.Collect$$libinit$$00000013) for __rt_lib_init_lc_ctype_1
    libinit.o(.ARM.Collect$$libinit$$00000000) refers (Special) to libinit2.o(.ARM.Collect$$libinit$$00000015) for __rt_lib_init_lc_monetary_1
    libinit.o(.ARM.Collect$$libinit$$00000000) refers (Special) to libinit2.o(.ARM.Collect$$libinit$$00000017) for __rt_lib_init_lc_numeric_1
    libinit.o(.ARM.Collect$$libinit$$00000000) refers (Special) to libinit2.o(.ARM.Collect$$libinit$$00000019) for __rt_lib_init_lc_time_1
    libinit.o(.ARM.Collect$$libinit$$00000000) refers (Special) to libinit2.o(.ARM.Collect$$libinit$$00000004) for __rt_lib_init_preinit_1
    libinit.o(.ARM.Collect$$libinit$$00000000) refers (Special) to libinit2.o(.ARM.Collect$$libinit$$0000000E) for __rt_lib_init_rand_1
    libinit.o(.ARM.Collect$$libinit$$00000000) refers (Special) to libinit2.o(.ARM.Collect$$libinit$$00000033) for __rt_lib_init_return
    libinit.o(.ARM.Collect$$libinit$$00000000) refers (Special) to libinit2.o(.ARM.Collect$$libinit$$0000001D) for __rt_lib_init_signal_1
    libinit.o(.ARM.Collect$$libinit$$00000000) refers (Special) to libinit2.o(.ARM.Collect$$libinit$$00000025) for __rt_lib_init_stdio_1
    libinit.o(.ARM.Collect$$libinit$$00000000) refers (Special) to libinit2.o(.ARM.Collect$$libinit$$0000000C) for __rt_lib_init_user_alloc_1
    libspace.o(.text) refers to libspace.o(.bss) for __libspace_start
    rtexit.o(.ARM.Collect$$rtexit$$00000000) refers (Special) to rtexit2.o(.ARM.Collect$$rtexit$$00000004) for __rt_exit_exit
    rtexit.o(.ARM.Collect$$rtexit$$00000000) refers (Special) to rtexit2.o(.ARM.Collect$$rtexit$$00000003) for __rt_exit_ls
    rtexit.o(.ARM.Collect$$rtexit$$00000000) refers (Special) to rtexit2.o(.ARM.Collect$$rtexit$$00000002) for __rt_exit_prels_1
    rtexit.o(.ARM.exidx) refers (Special) to rtexit2.o(.ARM.Collect$$rtexit$$00000004) for __rt_exit_exit
    rtexit.o(.ARM.exidx) refers (Special) to rtexit2.o(.ARM.Collect$$rtexit$$00000003) for __rt_exit_ls
    rtexit.o(.ARM.exidx) refers (Special) to rtexit2.o(.ARM.Collect$$rtexit$$00000002) for __rt_exit_prels_1
    rtexit.o(.ARM.exidx) refers to rtexit.o(.ARM.Collect$$rtexit$$00000000) for .ARM.Collect$$rtexit$$00000000
    libinit2.o(.ARM.Collect$$libinit$$00000010) refers to libinit2.o(.ARM.Collect$$libinit$$0000000F) for .ARM.Collect$$libinit$$0000000F
    libinit2.o(.ARM.Collect$$libinit$$00000012) refers to libinit2.o(.ARM.Collect$$libinit$$0000000F) for .ARM.Collect$$libinit$$0000000F
    libinit2.o(.ARM.Collect$$libinit$$00000014) refers to libinit2.o(.ARM.Collect$$libinit$$0000000F) for .ARM.Collect$$libinit$$0000000F
    libinit2.o(.ARM.Collect$$libinit$$00000016) refers to libinit2.o(.ARM.Collect$$libinit$$0000000F) for .ARM.Collect$$libinit$$0000000F
    libinit2.o(.ARM.Collect$$libinit$$00000018) refers to libinit2.o(.ARM.Collect$$libinit$$0000000F) for .ARM.Collect$$libinit$$0000000F
    libinit2.o(.ARM.Collect$$libinit$$00000026) refers to argv_veneer.o(.emb_text) for __ARM_argv_veneer
    libinit2.o(.ARM.Collect$$libinit$$00000027) refers to argv_veneer.o(.emb_text) for __ARM_argv_veneer
    rtexit2.o(.ARM.Collect$$rtexit$$00000003) refers to libshutdown.o(.ARM.Collect$$libshutdown$$00000000) for __rt_lib_shutdown
    rtexit2.o(.ARM.Collect$$rtexit$$00000004) refers to sys_exit.o(.text) for _sys_exit
    rtexit2.o(.ARM.exidx) refers to rtexit2.o(.ARM.Collect$$rtexit$$00000001) for .ARM.Collect$$rtexit$$00000001
    rtexit2.o(.ARM.exidx) refers to rtexit2.o(.ARM.Collect$$rtexit$$00000003) for .ARM.Collect$$rtexit$$00000003
    rtexit2.o(.ARM.exidx) refers to rtexit2.o(.ARM.Collect$$rtexit$$00000004) for .ARM.Collect$$rtexit$$00000004
    argv_veneer.o(.emb_text) refers to no_argv.o(.text) for __ARM_get_argv
    sys_exit.o(.text) refers (Special) to use_no_semi.o(.text) for __I$use$semihosting
    sys_exit.o(.text) refers (Special) to indicate_semi.o(.text) for __semihosting_library_function
    _get_argv_nomalloc.o(.text) refers (Special) to hrguard.o(.text) for __heap_region$guard
    _get_argv_nomalloc.o(.text) refers to defsig_rtmem_outer.o(.text) for __rt_SIGRTMEM
    _get_argv_nomalloc.o(.text) refers to sys_command.o(.text) for _sys_command_string
    libshutdown.o(.ARM.Collect$$libshutdown$$00000000) refers (Special) to libshutdown2.o(.ARM.Collect$$libshutdown$$00000002) for __rt_lib_shutdown_cpp_1
    libshutdown.o(.ARM.Collect$$libshutdown$$00000000) refers (Special) to libshutdown2.o(.ARM.Collect$$libshutdown$$00000007) for __rt_lib_shutdown_fp_trap_1
    libshutdown.o(.ARM.Collect$$libshutdown$$00000000) refers (Special) to libshutdown2.o(.ARM.Collect$$libshutdown$$0000000F) for __rt_lib_shutdown_heap_1
    libshutdown.o(.ARM.Collect$$libshutdown$$00000000) refers (Special) to libshutdown2.o(.ARM.Collect$$libshutdown$$00000010) for __rt_lib_shutdown_return
    libshutdown.o(.ARM.Collect$$libshutdown$$00000000) refers (Special) to libshutdown2.o(.ARM.Collect$$libshutdown$$0000000A) for __rt_lib_shutdown_signal_1
    libshutdown.o(.ARM.Collect$$libshutdown$$00000000) refers (Special) to libshutdown2.o(.ARM.Collect$$libshutdown$$00000004) for __rt_lib_shutdown_stdio_1
    libshutdown.o(.ARM.Collect$$libshutdown$$00000000) refers (Special) to libshutdown2.o(.ARM.Collect$$libshutdown$$0000000C) for __rt_lib_shutdown_user_alloc_1
    sys_command.o(.text) refers (Special) to use_no_semi.o(.text) for __I$use$semihosting
    sys_command.o(.text) refers (Special) to indicate_semi.o(.text) for __semihosting_library_function
    defsig_rtmem_outer.o(.text) refers to defsig_rtmem_inner.o(.text) for __rt_SIGRTMEM_inner
    defsig_rtmem_outer.o(.text) refers to defsig_exit.o(.text) for __sig_exit
    defsig_rtmem_formal.o(.text) refers to rt_raise.o(.text) for __rt_raise
    rt_raise.o(.text) refers to __raise.o(.text) for __raise
    rt_raise.o(.text) refers to sys_exit.o(.text) for _sys_exit
    defsig_exit.o(.text) refers to sys_exit.o(.text) for _sys_exit
    defsig_rtmem_inner.o(.text) refers to defsig_general.o(.text) for __default_signal_display
    __raise.o(.text) refers to defsig.o(CL$$defsig) for __default_signal_handler
    defsig_general.o(.text) refers to sys_wrch.o(.text) for _ttywrch
    sys_wrch.o(.text) refers (Special) to use_no_semi.o(.text) for __I$use$semihosting
    sys_wrch.o(.text) refers (Special) to indicate_semi.o(.text) for __semihosting_library_function
    defsig.o(CL$$defsig) refers to defsig_rtmem_inner.o(.text) for __rt_SIGRTMEM_inner
    defsig_abrt_inner.o(.text) refers to defsig_general.o(.text) for __default_signal_display
    defsig_fpe_inner.o(.text) refers to defsig_general.o(.text) for __default_signal_display
    defsig_rtred_inner.o(.text) refers to defsig_general.o(.text) for __default_signal_display
    defsig_stak_inner.o(.text) refers to defsig_general.o(.text) for __default_signal_display
    defsig_pvfn_inner.o(.text) refers to defsig_general.o(.text) for __default_signal_display
    defsig_cppl_inner.o(.text) refers to defsig_general.o(.text) for __default_signal_display
    defsig_segv_inner.o(.text) refers to defsig_general.o(.text) for __default_signal_display
    defsig_other.o(.text) refers to defsig_general.o(.text) for __default_signal_display


==============================================================================

Removing Unused input sections from the image.

    Removing system_ach512.o(.rev16_text), (4 bytes).
    Removing system_ach512.o(.revsh_text), (4 bytes).
    Removing system_ach512.o(.rrx_text), (6 bytes).
    Removing uart.o(.rev16_text), (4 bytes).
    Removing uart.o(.revsh_text), (4 bytes).
    Removing uart.o(.rrx_text), (6 bytes).
    Removing uart.o(.data), (4 bytes).
    Removing usb.o(.rev16_text), (4 bytes).
    Removing usb.o(.revsh_text), (4 bytes).
    Removing usb.o(.rrx_text), (6 bytes).
    Removing usb_app.o(.rev16_text), (4 bytes).
    Removing usb_app.o(.revsh_text), (4 bytes).
    Removing usb_app.o(.rrx_text), (6 bytes).
    Removing usb_desc.o(.rev16_text), (4 bytes).
    Removing usb_desc.o(.revsh_text), (4 bytes).
    Removing usb_desc.o(.rrx_text), (6 bytes).
    Removing webusb.o(.rev16_text), (4 bytes).
    Removing webusb.o(.revsh_text), (4 bytes).
    Removing webusb.o(.rrx_text), (6 bytes).
    Removing common.o(.rev16_text), (4 bytes).
    Removing common.o(.revsh_text), (4 bytes).
    Removing common.o(.rrx_text), (6 bytes).
    Removing main.o(.rev16_text), (4 bytes).
    Removing main.o(.revsh_text), (4 bytes).
    Removing main.o(.rrx_text), (6 bytes).

25 unused section(s) (total 116 bytes) removed from the image.

==============================================================================

Image Symbol Table

    Local Symbols

    Symbol Name                              Value     Ov Type        Size  Object(Section)

    RESET                                    0x00000000   Section      192  startup.o(RESET)
    ../clib/angel/boardlib.s                 0x00000000   Number         0  boardshut.o ABSOLUTE
    ../clib/angel/boardlib.s                 0x00000000   Number         0  boardinit2.o ABSOLUTE
    ../clib/angel/boardlib.s                 0x00000000   Number         0  boardinit1.o ABSOLUTE
    ../clib/angel/boardlib.s                 0x00000000   Number         0  boardinit3.o ABSOLUTE
    ../clib/angel/handlers.s                 0x00000000   Number         0  __scatter_copy.o ABSOLUTE
    ../clib/angel/handlers.s                 0x00000000   Number         0  __scatter_zi.o ABSOLUTE
    ../clib/angel/kernel.s                   0x00000000   Number         0  __rtentry2.o ABSOLUTE
    ../clib/angel/kernel.s                   0x00000000   Number         0  __rtentry.o ABSOLUTE
    ../clib/angel/kernel.s                   0x00000000   Number         0  __rtentry4.o ABSOLUTE
    ../clib/angel/kernel.s                   0x00000000   Number         0  rtexit.o ABSOLUTE
    ../clib/angel/kernel.s                   0x00000000   Number         0  rtexit2.o ABSOLUTE
    ../clib/angel/rt.s                       0x00000000   Number         0  rt_raise.o ABSOLUTE
    ../clib/angel/scatter.s                  0x00000000   Number         0  __scatter.o ABSOLUTE
    ../clib/angel/startup.s                  0x00000000   Number         0  __main.o ABSOLUTE
    ../clib/angel/sys.s                      0x00000000   Number         0  sys_stackheap_outer.o ABSOLUTE
    ../clib/angel/sys.s                      0x00000000   Number         0  indicate_semi.o ABSOLUTE
    ../clib/angel/sys.s                      0x00000000   Number         0  use_no_semi.o ABSOLUTE
    ../clib/angel/sys.s                      0x00000000   Number         0  libspace.o ABSOLUTE
    ../clib/angel/sysapp.c                   0x00000000   Number         0  sys_exit.o ABSOLUTE
    ../clib/angel/sysapp.c                   0x00000000   Number         0  sys_wrch.o ABSOLUTE
    ../clib/angel/sysapp.c                   0x00000000   Number         0  sys_command.o ABSOLUTE
    ../clib/armsys.c                         0x00000000   Number         0  no_argv.o ABSOLUTE
    ../clib/armsys.c                         0x00000000   Number         0  _get_argv_nomalloc.o ABSOLUTE
    ../clib/armsys.c                         0x00000000   Number         0  argv_veneer.o ABSOLUTE
    ../clib/armsys.c                         0x00000000   Number         0  argv_veneer.o ABSOLUTE
    ../clib/heapalloc.c                      0x00000000   Number         0  hrguard.o ABSOLUTE
    ../clib/heapaux.c                        0x00000000   Number         0  heapauxi.o ABSOLUTE
    ../clib/libinit.s                        0x00000000   Number         0  libshutdown.o ABSOLUTE
    ../clib/libinit.s                        0x00000000   Number         0  libshutdown2.o ABSOLUTE
    ../clib/libinit.s                        0x00000000   Number         0  libinit.o ABSOLUTE
    ../clib/libinit.s                        0x00000000   Number         0  libinit2.o ABSOLUTE
    ../clib/misc.s                           0x00000000   Number         0  printf_stubs.o ABSOLUTE
    ../clib/printf.c                         0x00000000   Number         0  _printf_hex_int_ll_ptr.o ABSOLUTE
    ../clib/printf.c                         0x00000000   Number         0  __printf_flags.o ABSOLUTE
    ../clib/printf.c                         0x00000000   Number         0  __printf_wp.o ABSOLUTE
    ../clib/printf.c                         0x00000000   Number         0  __printf_flags_wp.o ABSOLUTE
    ../clib/printf.c                         0x00000000   Number         0  _printf_char_common.o ABSOLUTE
    ../clib/printf.c                         0x00000000   Number         0  __printf_ss_wp.o ABSOLUTE
    ../clib/printf.c                         0x00000000   Number         0  __printf_flags_ss_wp.o ABSOLUTE
    ../clib/printf.c                         0x00000000   Number         0  _printf_intcommon.o ABSOLUTE
    ../clib/printf.c                         0x00000000   Number         0  _printf_char_file.o ABSOLUTE
    ../clib/printf.c                         0x00000000   Number         0  __printf_nopercent.o ABSOLUTE
    ../clib/printf.c                         0x00000000   Number         0  __printf_flags_ss.o ABSOLUTE
    ../clib/printf.c                         0x00000000   Number         0  __printf_ss.o ABSOLUTE
    ../clib/printf.c                         0x00000000   Number         0  __2printf.o ABSOLUTE
    ../clib/printf.c                         0x00000000   Number         0  noretval__2printf.o ABSOLUTE
    ../clib/printf.c                         0x00000000   Number         0  __printf.o ABSOLUTE
    ../clib/printf.c                         0x00000000   Number         0  _printf_dec.o ABSOLUTE
    ../clib/printf.c                         0x00000000   Number         0  _printf_hex_ll.o ABSOLUTE
    ../clib/printf.c                         0x00000000   Number         0  _printf_hex_int.o ABSOLUTE
    ../clib/printf.c                         0x00000000   Number         0  _printf_hex_int_ll.o ABSOLUTE
    ../clib/printf.c                         0x00000000   Number         0  _printf_hex_ptr.o ABSOLUTE
    ../clib/printf.c                         0x00000000   Number         0  _printf_hex_int_ptr.o ABSOLUTE
    ../clib/printf.c                         0x00000000   Number         0  _printf_hex_ll_ptr.o ABSOLUTE
    ../clib/printf_percent.s                 0x00000000   Number         0  _printf_percent.o ABSOLUTE
    ../clib/printf_percent.s                 0x00000000   Number         0  _printf_d.o ABSOLUTE
    ../clib/printf_percent.s                 0x00000000   Number         0  _printf_x.o ABSOLUTE
    ../clib/printf_percent.s                 0x00000000   Number         0  _printf_percent_end.o ABSOLUTE
    ../clib/signal.c                         0x00000000   Number         0  defsig_rtmem_formal.o ABSOLUTE
    ../clib/signal.c                         0x00000000   Number         0  defsig_fpe_inner.o ABSOLUTE
    ../clib/signal.c                         0x00000000   Number         0  defsig_abrt_inner.o ABSOLUTE
    ../clib/signal.c                         0x00000000   Number         0  defsig_rtred_inner.o ABSOLUTE
    ../clib/signal.c                         0x00000000   Number         0  defsig_rtmem_outer.o ABSOLUTE
    ../clib/signal.c                         0x00000000   Number         0  defsig_exit.o ABSOLUTE
    ../clib/signal.c                         0x00000000   Number         0  defsig_pvfn_inner.o ABSOLUTE
    ../clib/signal.c                         0x00000000   Number         0  defsig_rtmem_inner.o ABSOLUTE
    ../clib/signal.c                         0x00000000   Number         0  __raise.o ABSOLUTE
    ../clib/signal.c                         0x00000000   Number         0  defsig_cppl_inner.o ABSOLUTE
    ../clib/signal.c                         0x00000000   Number         0  defsig_segv_inner.o ABSOLUTE
    ../clib/signal.c                         0x00000000   Number         0  defsig_other.o ABSOLUTE
    ../clib/signal.c                         0x00000000   Number         0  defsig_general.o ABSOLUTE
    ../clib/signal.c                         0x00000000   Number         0  defsig_stak_inner.o ABSOLUTE
    ../clib/signal.s                         0x00000000   Number         0  defsig.o ABSOLUTE
    ../clib/stdio.c                          0x00000000   Number         0  ferror_locked.o ABSOLUTE
    ../clib/stdio.c                          0x00000000   Number         0  ferror.o ABSOLUTE
    ../clib/stdlib.c                         0x00000000   Number         0  exit.o ABSOLUTE
    ../fplib/fpinit.s                        0x00000000   Number         0  fpinit.o ABSOLUTE
    ACH512\\driver\\uart.c                   0x00000000   Number         0  uart.o ABSOLUTE
    ACH512\\driver\\usb.c                    0x00000000   Number         0  usb.o ABSOLUTE
    ACH512\\driver\\usb_app.c                0x00000000   Number         0  usb_app.o ABSOLUTE
    ACH512\\driver\\usb_desc.c               0x00000000   Number         0  usb_desc.o ABSOLUTE
    ACH512\\driver\\webusb.c                 0x00000000   Number         0  webusb.o ABSOLUTE
    ACH512\\system\\system_ach512.c          0x00000000   Number         0  system_ach512.o ABSOLUTE
    ACH512\driver\uart.c                     0x00000000   Number         0  uart.o ABSOLUTE
    ACH512\driver\usb.c                      0x00000000   Number         0  usb.o ABSOLUTE
    ACH512\driver\usb_app.c                  0x00000000   Number         0  usb_app.o ABSOLUTE
    ACH512\driver\usb_desc.c                 0x00000000   Number         0  usb_desc.o ABSOLUTE
    ACH512\driver\webusb.c                   0x00000000   Number         0  webusb.o ABSOLUTE
    ACH512\system\startup.s                  0x00000000   Number         0  startup.o ABSOLUTE
    ACH512\system\system_ach512.c            0x00000000   Number         0  system_ach512.o ABSOLUTE
    APP\\main.c                              0x00000000   Number         0  main.o ABSOLUTE
    APP\main.c                               0x00000000   Number         0  main.o ABSOLUTE
    COMMON\\common.c                         0x00000000   Number         0  common.o ABSOLUTE
    COMMON\common.c                          0x00000000   Number         0  common.o ABSOLUTE
    dc.s                                     0x00000000   Number         0  dc.o ABSOLUTE
    !!!main                                  0x000000c0   Section        8  __main.o(!!!main)
    !!!scatter                               0x000000c8   Section       52  __scatter.o(!!!scatter)
    !!handler_copy                           0x000000fc   Section       26  __scatter_copy.o(!!handler_copy)
    !!handler_zi                             0x00000118   Section       28  __scatter_zi.o(!!handler_zi)
    .ARM.Collect$$_printf_percent$$00000000  0x00000134   Section        0  _printf_percent.o(.ARM.Collect$$_printf_percent$$00000000)
    .ARM.Collect$$_printf_percent$$00000009  0x00000134   Section        6  _printf_d.o(.ARM.Collect$$_printf_percent$$00000009)
    .ARM.Collect$$_printf_percent$$0000000C  0x0000013a   Section        6  _printf_x.o(.ARM.Collect$$_printf_percent$$0000000C)
    .ARM.Collect$$_printf_percent$$00000017  0x00000140   Section        4  _printf_percent_end.o(.ARM.Collect$$_printf_percent$$00000017)
    .ARM.Collect$$libinit$$00000000          0x00000144   Section        2  libinit.o(.ARM.Collect$$libinit$$00000000)
    .ARM.Collect$$libinit$$00000002          0x00000146   Section        0  libinit2.o(.ARM.Collect$$libinit$$00000002)
    .ARM.Collect$$libinit$$00000004          0x00000146   Section        0  libinit2.o(.ARM.Collect$$libinit$$00000004)
    .ARM.Collect$$libinit$$0000000A          0x00000146   Section        0  libinit2.o(.ARM.Collect$$libinit$$0000000A)
    .ARM.Collect$$libinit$$0000000C          0x00000146   Section        0  libinit2.o(.ARM.Collect$$libinit$$0000000C)
    .ARM.Collect$$libinit$$0000000E          0x00000146   Section        0  libinit2.o(.ARM.Collect$$libinit$$0000000E)
    .ARM.Collect$$libinit$$00000011          0x00000146   Section        0  libinit2.o(.ARM.Collect$$libinit$$00000011)
    .ARM.Collect$$libinit$$00000013          0x00000146   Section        0  libinit2.o(.ARM.Collect$$libinit$$00000013)
    .ARM.Collect$$libinit$$00000015          0x00000146   Section        0  libinit2.o(.ARM.Collect$$libinit$$00000015)
    .ARM.Collect$$libinit$$00000017          0x00000146   Section        0  libinit2.o(.ARM.Collect$$libinit$$00000017)
    .ARM.Collect$$libinit$$00000019          0x00000146   Section        0  libinit2.o(.ARM.Collect$$libinit$$00000019)
    .ARM.Collect$$libinit$$0000001B          0x00000146   Section        0  libinit2.o(.ARM.Collect$$libinit$$0000001B)
    .ARM.Collect$$libinit$$0000001D          0x00000146   Section        0  libinit2.o(.ARM.Collect$$libinit$$0000001D)
    .ARM.Collect$$libinit$$0000001F          0x00000146   Section        0  libinit2.o(.ARM.Collect$$libinit$$0000001F)
    .ARM.Collect$$libinit$$00000021          0x00000146   Section        0  libinit2.o(.ARM.Collect$$libinit$$00000021)
    .ARM.Collect$$libinit$$00000023          0x00000146   Section        0  libinit2.o(.ARM.Collect$$libinit$$00000023)
    .ARM.Collect$$libinit$$00000025          0x00000146   Section        0  libinit2.o(.ARM.Collect$$libinit$$00000025)
    .ARM.Collect$$libinit$$0000002C          0x00000146   Section        0  libinit2.o(.ARM.Collect$$libinit$$0000002C)
    .ARM.Collect$$libinit$$0000002E          0x00000146   Section        0  libinit2.o(.ARM.Collect$$libinit$$0000002E)
    .ARM.Collect$$libinit$$00000030          0x00000146   Section        0  libinit2.o(.ARM.Collect$$libinit$$00000030)
    .ARM.Collect$$libinit$$00000032          0x00000146   Section        0  libinit2.o(.ARM.Collect$$libinit$$00000032)
    .ARM.Collect$$libinit$$00000033          0x00000146   Section        2  libinit2.o(.ARM.Collect$$libinit$$00000033)
    .ARM.Collect$$libshutdown$$00000000      0x00000148   Section        2  libshutdown.o(.ARM.Collect$$libshutdown$$00000000)
    .ARM.Collect$$libshutdown$$00000002      0x0000014a   Section        0  libshutdown2.o(.ARM.Collect$$libshutdown$$00000002)
    .ARM.Collect$$libshutdown$$00000004      0x0000014a   Section        0  libshutdown2.o(.ARM.Collect$$libshutdown$$00000004)
    .ARM.Collect$$libshutdown$$00000007      0x0000014a   Section        0  libshutdown2.o(.ARM.Collect$$libshutdown$$00000007)
    .ARM.Collect$$libshutdown$$0000000A      0x0000014a   Section        0  libshutdown2.o(.ARM.Collect$$libshutdown$$0000000A)
    .ARM.Collect$$libshutdown$$0000000C      0x0000014a   Section        0  libshutdown2.o(.ARM.Collect$$libshutdown$$0000000C)
    .ARM.Collect$$libshutdown$$0000000F      0x0000014a   Section        0  libshutdown2.o(.ARM.Collect$$libshutdown$$0000000F)
    .ARM.Collect$$libshutdown$$00000010      0x0000014a   Section        2  libshutdown2.o(.ARM.Collect$$libshutdown$$00000010)
    .ARM.Collect$$rtentry$$00000000          0x0000014c   Section        0  __rtentry.o(.ARM.Collect$$rtentry$$00000000)
    .ARM.Collect$$rtentry$$00000002          0x0000014c   Section        0  __rtentry2.o(.ARM.Collect$$rtentry$$00000002)
    .ARM.Collect$$rtentry$$00000004          0x0000014c   Section        6  __rtentry4.o(.ARM.Collect$$rtentry$$00000004)
    .ARM.Collect$$rtentry$$00000009          0x00000152   Section        0  __rtentry2.o(.ARM.Collect$$rtentry$$00000009)
    .ARM.Collect$$rtentry$$0000000A          0x00000152   Section        4  __rtentry2.o(.ARM.Collect$$rtentry$$0000000A)
    .ARM.Collect$$rtentry$$0000000C          0x00000156   Section        0  __rtentry2.o(.ARM.Collect$$rtentry$$0000000C)
    .ARM.Collect$$rtentry$$0000000D          0x00000156   Section        8  __rtentry2.o(.ARM.Collect$$rtentry$$0000000D)
    .ARM.Collect$$rtexit$$00000000           0x0000015e   Section        2  rtexit.o(.ARM.Collect$$rtexit$$00000000)
    .ARM.Collect$$rtexit$$00000002           0x00000160   Section        0  rtexit2.o(.ARM.Collect$$rtexit$$00000002)
    .ARM.Collect$$rtexit$$00000003           0x00000160   Section        4  rtexit2.o(.ARM.Collect$$rtexit$$00000003)
    .ARM.Collect$$rtexit$$00000004           0x00000164   Section        6  rtexit2.o(.ARM.Collect$$rtexit$$00000004)
    .text                                    0x0000016c   Section       52  startup.o(.text)
    .text                                    0x000001a0   Section        0  system_ach512.o(.text)
    .text                                    0x00000654   Section        0  uart.o(.text)
    .text                                    0x000008c4   Section        0  usb.o(.text)
    .text                                    0x00000b44   Section        0  usb_app.o(.text)
    .text                                    0x000012d4   Section        0  webusb.o(.text)
    .text                                    0x00001328   Section        0  common.o(.text)
    .text                                    0x000013bc   Section        0  main.o(.text)
    .text                                    0x000013d0   Section        0  noretval__2printf.o(.text)
    .text                                    0x000013e8   Section        0  _printf_dec.o(.text)
    .text                                    0x00001460   Section        0  _printf_hex_int.o(.text)
    .text                                    0x000014b8   Section        0  __printf_wp.o(.text)
    .text                                    0x000015c6   Section        0  heapauxi.o(.text)
    .text                                    0x000015cc   Section        0  _printf_intcommon.o(.text)
    .text                                    0x00001680   Section        0  _printf_char_file.o(.text)
    .text                                    0x000016a4   Section        0  _printf_char_common.o(.text)
    _printf_input_char                       0x000016a5   Thumb Code    10  _printf_char_common.o(.text)
    .text                                    0x000016d4   Section        0  ferror.o(.text)
    .text                                    0x000016dc   Section       74  sys_stackheap_outer.o(.text)
    .text                                    0x00001726   Section        0  exit.o(.text)
    .text                                    0x00001738   Section        8  libspace.o(.text)
    .text                                    0x00001740   Section        0  sys_exit.o(.text)
    .text                                    0x0000174c   Section        2  use_no_semi.o(.text)
    .text                                    0x0000174e   Section        0  indicate_semi.o(.text)
    i._is_digit                              0x0000174e   Section        0  __printf_wp.o(i._is_digit)
    .constdata                               0x0000175c   Section       82  usb_desc.o(.constdata)
    .constdata                               0x000017ae   Section       34  usb_desc.o(.constdata)
    .constdata                               0x000017d0   Section       34  usb_desc.o(.constdata)
    .constdata                               0x000017f2   Section       57  webusb.o(.constdata)
    .constdata                               0x0000182b   Section      206  webusb.o(.constdata)
    .constdata                               0x000018f9   Section       40  _printf_hex_int.o(.constdata)
    uc_hextab                                0x000018f9   Data          20  _printf_hex_int.o(.constdata)
    lc_hextab                                0x0000190d   Data          20  _printf_hex_int.o(.constdata)
    .data                                    0x20000000   Section       12  system_ach512.o(.data)
    .data                                    0x2000000c   Section        3  uart.o(.data)
    .data                                    0x20000010   Section        4  uart.o(.data)
    .data                                    0x20000014   Section       10  usb.o(.data)
    ep1_stall                                0x20000016   Data           4  usb.o(.data)
    ep2_stall                                0x2000001a   Data           4  usb.o(.data)
    .data                                    0x20000020   Section      136  usb_app.o(.data)
    config_value                             0x20000020   Data           1  usb_app.o(.data)
    AltSetting                               0x20000021   Data           1  usb_app.o(.data)
    usb_device_status                        0x20000028   Data           2  usb_app.o(.data)
    data_reveived_callback                   0x2000002c   Data           4  usb_app.o(.data)
    dev_req                                  0x20000030   Data           8  usb_app.o(.data)
    .data                                    0x200000a8   Section       18  usb_desc.o(.data)
    .data                                    0x200000ba   Section       10  usb_desc.o(.data)
    .data                                    0x200000c4   Section        9  usb_desc.o(.data)
    .data                                    0x200000cd   Section        4  usb_desc.o(.data)
    .data                                    0x200000d1   Section       16  usb_desc.o(.data)
    .data                                    0x200000e1   Section       20  usb_desc.o(.data)
    .data                                    0x200000f5   Section       10  usb_desc.o(.data)
    .data                                    0x200000ff   Section       14  usb_desc.o(.data)
    .bss                                     0x20000110   Section       32  uart.o(.bss)
    .bss                                     0x20000130   Section     2048  usb_app.o(.bss)
    .bss                                     0x20000930   Section       96  libspace.o(.bss)
    HEAP                                     0x20000990   Section        0  startup.o(HEAP)
    STACK                                    0x20000990   Section     2048  startup.o(STACK)
    Heap_Mem                                 0x20000990   Data           0  startup.o(HEAP)
    Stack_Mem                                0x20000990   Data        2048  startup.o(STACK)
    __initial_sp                             0x20001190   Data           0  startup.o(STACK)

    Global Symbols

    Symbol Name                              Value     Ov Type        Size  Object(Section)

    BuildAttributes$$THM_ISAv4$P$D$K$B$S$PE$A:L22UL41UL21$X:L11$S22US41US21$IEEE1$IW$USESV6$~STKCKD$USESV7$~SHL$OTIME$ROPI$EBA8$UX$STANDARDLIB$REQ8$PRES8$EABIv2 0x00000000   Number         0  anon$$obj.o ABSOLUTE
    __ARM_use_no_argv                        0x00000000   Number         0  main.o ABSOLUTE
    __Vectors                                0x00000000   Data           0  startup.o(RESET)
    _printf_flags                            0x00000000   Number         0  printf_stubs.o ABSOLUTE
    _printf_return_value                     0x00000000   Number         0  printf_stubs.o ABSOLUTE
    _printf_sizespec                         0x00000000   Number         0  printf_stubs.o ABSOLUTE
    _printf_widthprec                        0x00000000   Number         0  printf_stubs.o ABSOLUTE
    __ARM_exceptions_init                     - Undefined Weak Reference
    __alloca_initialize                       - Undefined Weak Reference
    __arm_preinit_                            - Undefined Weak Reference
    __cpp_initialize__aeabi_                  - Undefined Weak Reference
    __cxa_finalize                            - Undefined Weak Reference
    __rt_locale                               - Undefined Weak Reference
    __sigvec_lookup                           - Undefined Weak Reference
    _atexit_init                              - Undefined Weak Reference
    _call_atexit_fns                          - Undefined Weak Reference
    _clock_init                               - Undefined Weak Reference
    _fp_trap_init                             - Undefined Weak Reference
    _fp_trap_shutdown                         - Undefined Weak Reference
    _get_lc_collate                           - Undefined Weak Reference
    _get_lc_ctype                             - Undefined Weak Reference
    _get_lc_monetary                          - Undefined Weak Reference
    _get_lc_numeric                           - Undefined Weak Reference
    _get_lc_time                              - Undefined Weak Reference
    _getenv_init                              - Undefined Weak Reference
    _handle_redirection                       - Undefined Weak Reference
    _init_alloc                               - Undefined Weak Reference
    _init_user_alloc                          - Undefined Weak Reference
    _initio                                   - Undefined Weak Reference
    _mutex_acquire                            - Undefined Weak Reference
    _mutex_release                            - Undefined Weak Reference
    _printf_post_padding                      - Undefined Weak Reference
    _printf_pre_padding                       - Undefined Weak Reference
    _printf_truncate_signed                   - Undefined Weak Reference
    _printf_truncate_unsigned                 - Undefined Weak Reference
    _rand_init                                - Undefined Weak Reference
    _signal_finish                            - Undefined Weak Reference
    _signal_init                              - Undefined Weak Reference
    _terminate_alloc                          - Undefined Weak Reference
    _terminate_user_alloc                     - Undefined Weak Reference
    _terminateio                              - Undefined Weak Reference
    __main                                   0x000000c1   Thumb Code     8  __main.o(!!!main)
    __scatterload                            0x000000c9   Thumb Code     0  __scatter.o(!!!scatter)
    __scatterload_rt2                        0x000000c9   Thumb Code    44  __scatter.o(!!!scatter)
    __scatterload_rt2_thumb_only             0x000000c9   Thumb Code     0  __scatter.o(!!!scatter)
    __scatterload_null                       0x000000d7   Thumb Code     0  __scatter.o(!!!scatter)
    __scatterload_copy                       0x000000fd   Thumb Code    26  __scatter_copy.o(!!handler_copy)
    __scatterload_zeroinit                   0x00000119   Thumb Code    28  __scatter_zi.o(!!handler_zi)
    _printf_d                                0x00000135   Thumb Code     0  _printf_d.o(.ARM.Collect$$_printf_percent$$00000009)
    _printf_percent                          0x00000135   Thumb Code     0  _printf_percent.o(.ARM.Collect$$_printf_percent$$00000000)
    _printf_x                                0x0000013b   Thumb Code     0  _printf_x.o(.ARM.Collect$$_printf_percent$$0000000C)
    _printf_percent_end                      0x00000141   Thumb Code     0  _printf_percent_end.o(.ARM.Collect$$_printf_percent$$00000017)
    __rt_lib_init                            0x00000145   Thumb Code     0  libinit.o(.ARM.Collect$$libinit$$00000000)
    __rt_lib_init_alloca_1                   0x00000147   Thumb Code     0  libinit2.o(.ARM.Collect$$libinit$$0000002E)
    __rt_lib_init_argv_1                     0x00000147   Thumb Code     0  libinit2.o(.ARM.Collect$$libinit$$0000002C)
    __rt_lib_init_atexit_1                   0x00000147   Thumb Code     0  libinit2.o(.ARM.Collect$$libinit$$0000001B)
    __rt_lib_init_clock_1                    0x00000147   Thumb Code     0  libinit2.o(.ARM.Collect$$libinit$$00000021)
    __rt_lib_init_cpp_1                      0x00000147   Thumb Code     0  libinit2.o(.ARM.Collect$$libinit$$00000032)
    __rt_lib_init_exceptions_1               0x00000147   Thumb Code     0  libinit2.o(.ARM.Collect$$libinit$$00000030)
    __rt_lib_init_fp_1                       0x00000147   Thumb Code     0  libinit2.o(.ARM.Collect$$libinit$$00000002)
    __rt_lib_init_fp_trap_1                  0x00000147   Thumb Code     0  libinit2.o(.ARM.Collect$$libinit$$0000001F)
    __rt_lib_init_getenv_1                   0x00000147   Thumb Code     0  libinit2.o(.ARM.Collect$$libinit$$00000023)
    __rt_lib_init_heap_1                     0x00000147   Thumb Code     0  libinit2.o(.ARM.Collect$$libinit$$0000000A)
    __rt_lib_init_lc_collate_1               0x00000147   Thumb Code     0  libinit2.o(.ARM.Collect$$libinit$$00000011)
    __rt_lib_init_lc_ctype_1                 0x00000147   Thumb Code     0  libinit2.o(.ARM.Collect$$libinit$$00000013)
    __rt_lib_init_lc_monetary_1              0x00000147   Thumb Code     0  libinit2.o(.ARM.Collect$$libinit$$00000015)
    __rt_lib_init_lc_numeric_1               0x00000147   Thumb Code     0  libinit2.o(.ARM.Collect$$libinit$$00000017)
    __rt_lib_init_lc_time_1                  0x00000147   Thumb Code     0  libinit2.o(.ARM.Collect$$libinit$$00000019)
    __rt_lib_init_preinit_1                  0x00000147   Thumb Code     0  libinit2.o(.ARM.Collect$$libinit$$00000004)
    __rt_lib_init_rand_1                     0x00000147   Thumb Code     0  libinit2.o(.ARM.Collect$$libinit$$0000000E)
    __rt_lib_init_return                     0x00000147   Thumb Code     0  libinit2.o(.ARM.Collect$$libinit$$00000033)
    __rt_lib_init_signal_1                   0x00000147   Thumb Code     0  libinit2.o(.ARM.Collect$$libinit$$0000001D)
    __rt_lib_init_stdio_1                    0x00000147   Thumb Code     0  libinit2.o(.ARM.Collect$$libinit$$00000025)
    __rt_lib_init_user_alloc_1               0x00000147   Thumb Code     0  libinit2.o(.ARM.Collect$$libinit$$0000000C)
    __rt_lib_shutdown                        0x00000149   Thumb Code     0  libshutdown.o(.ARM.Collect$$libshutdown$$00000000)
    __rt_lib_shutdown_cpp_1                  0x0000014b   Thumb Code     0  libshutdown2.o(.ARM.Collect$$libshutdown$$00000002)
    __rt_lib_shutdown_fp_trap_1              0x0000014b   Thumb Code     0  libshutdown2.o(.ARM.Collect$$libshutdown$$00000007)
    __rt_lib_shutdown_heap_1                 0x0000014b   Thumb Code     0  libshutdown2.o(.ARM.Collect$$libshutdown$$0000000F)
    __rt_lib_shutdown_return                 0x0000014b   Thumb Code     0  libshutdown2.o(.ARM.Collect$$libshutdown$$00000010)
    __rt_lib_shutdown_signal_1               0x0000014b   Thumb Code     0  libshutdown2.o(.ARM.Collect$$libshutdown$$0000000A)
    __rt_lib_shutdown_stdio_1                0x0000014b   Thumb Code     0  libshutdown2.o(.ARM.Collect$$libshutdown$$00000004)
    __rt_lib_shutdown_user_alloc_1           0x0000014b   Thumb Code     0  libshutdown2.o(.ARM.Collect$$libshutdown$$0000000C)
    __rt_entry                               0x0000014d   Thumb Code     0  __rtentry.o(.ARM.Collect$$rtentry$$00000000)
    __rt_entry_presh_1                       0x0000014d   Thumb Code     0  __rtentry2.o(.ARM.Collect$$rtentry$$00000002)
    __rt_entry_sh                            0x0000014d   Thumb Code     0  __rtentry4.o(.ARM.Collect$$rtentry$$00000004)
    __rt_entry_li                            0x00000153   Thumb Code     0  __rtentry2.o(.ARM.Collect$$rtentry$$0000000A)
    __rt_entry_postsh_1                      0x00000153   Thumb Code     0  __rtentry2.o(.ARM.Collect$$rtentry$$00000009)
    __rt_entry_main                          0x00000157   Thumb Code     0  __rtentry2.o(.ARM.Collect$$rtentry$$0000000D)
    __rt_entry_postli_1                      0x00000157   Thumb Code     0  __rtentry2.o(.ARM.Collect$$rtentry$$0000000C)
    __rt_exit                                0x0000015f   Thumb Code     0  rtexit.o(.ARM.Collect$$rtexit$$00000000)
    __rt_exit_ls                             0x00000161   Thumb Code     0  rtexit2.o(.ARM.Collect$$rtexit$$00000003)
    __rt_exit_prels_1                        0x00000161   Thumb Code     0  rtexit2.o(.ARM.Collect$$rtexit$$00000002)
    __rt_exit_exit                           0x00000165   Thumb Code     0  rtexit2.o(.ARM.Collect$$rtexit$$00000004)
    Reset_Handler                            0x0000016d   Thumb Code     4  startup.o(.text)
    NMI_Handler                              0x00000171   Thumb Code     2  startup.o(.text)
    HardFault_Handler                        0x00000173   Thumb Code     2  startup.o(.text)
    MemManage_Handler                        0x00000175   Thumb Code     2  startup.o(.text)
    BusFault_Handler                         0x00000177   Thumb Code     2  startup.o(.text)
    UsageFault_Handler                       0x00000179   Thumb Code     2  startup.o(.text)
    SVC_Handler                              0x0000017b   Thumb Code     2  startup.o(.text)
    DebugMon_Handler                         0x0000017d   Thumb Code     2  startup.o(.text)
    PendSV_Handler                           0x0000017f   Thumb Code     2  startup.o(.text)
    SysTick_Handler                          0x00000181   Thumb Code     2  startup.o(.text)
    BCH_IRQHandler                           0x00000183   Thumb Code     0  startup.o(.text)
    CCPWM_IRQHandler                         0x00000183   Thumb Code     0  startup.o(.text)
    DES_IRQHandler                           0x00000183   Thumb Code     0  startup.o(.text)
    DMA_IRQHandler                           0x00000183   Thumb Code     0  startup.o(.text)
    ECC_IRQHandler                           0x00000183   Thumb Code     0  startup.o(.text)
    EFC_IRQHandler                           0x00000183   Thumb Code     0  startup.o(.text)
    EMW_IRQHandle                            0x00000183   Thumb Code     0  startup.o(.text)
    GPIOA_IRQHandler                         0x00000183   Thumb Code     0  startup.o(.text)
    GPIOB_IRQHandler                         0x00000183   Thumb Code     0  startup.o(.text)
    I2C_IRQHandler                           0x00000183   Thumb Code     0  startup.o(.text)
    ISO7816MS_IRQHandler                     0x00000183   Thumb Code     0  startup.o(.text)
    MS7816RST_IRQHandler                     0x00000183   Thumb Code     0  startup.o(.text)
    NFM_IRQHandler                           0x00000183   Thumb Code     0  startup.o(.text)
    SDIO_IRQHandler                          0x00000183   Thumb Code     0  startup.o(.text)
    SENSOR_IRQHandler                        0x00000183   Thumb Code     0  startup.o(.text)
    SM1_IRQHandler                           0x00000183   Thumb Code     0  startup.o(.text)
    SM4_IRQHandler                           0x00000183   Thumb Code     0  startup.o(.text)
    SPIA_IRQHandler                          0x00000183   Thumb Code     0  startup.o(.text)
    SPIB_IRQHandler                          0x00000183   Thumb Code     0  startup.o(.text)
    TIMER_IRQHandler                         0x00000183   Thumb Code     0  startup.o(.text)
    WAKEUP_IRQHandler                        0x00000183   Thumb Code     0  startup.o(.text)
    WDT_IRQHandler                           0x00000183   Thumb Code     0  startup.o(.text)
    __user_initial_stackheap                 0x00000185   Thumb Code     0  startup.o(.text)
    enable_module                            0x000001a1   Thumb Code   114  system_ach512.o(.text)
    disable_module                           0x00000213   Thumb Code   112  system_ach512.o(.text)
    clock_init_XOSC                          0x00000283   Thumb Code   410  system_ach512.o(.text)
    clock_init_ROSC                          0x0000041d   Thumb Code   478  system_ach512.o(.text)
    clock_init                               0x000005fb   Thumb Code     2  system_ach512.o(.text)
    cache_on                                 0x000005fd   Thumb Code     8  system_ach512.o(.text)
    cache_off                                0x00000605   Thumb Code     8  system_ach512.o(.text)
    SystemInit                               0x0000060d   Thumb Code    56  system_ach512.o(.text)
    SystemCoreClockUpdate                    0x00000645   Thumb Code     2  system_ach512.o(.text)
    UARTA_IRQHandler                         0x00000655   Thumb Code    92  uart.o(.text)
    UARTB_IRQHandler                         0x000006b1   Thumb Code    92  uart.o(.text)
    uart_set_baud_rate                       0x0000070d   Thumb Code    52  uart.o(.text)
    uart_init                                0x00000741   Thumb Code   192  uart.o(.text)
    outbyte                                  0x00000801   Thumb Code    26  uart.o(.text)
    uart_send_bytes                          0x0000081b   Thumb Code    54  uart.o(.text)
    fputc                                    0x00000851   Thumb Code    26  uart.o(.text)
    usb_get_fifo_length                      0x000008c5   Thumb Code    14  usb.o(.text)
    usb_ep0_send_stall                       0x000008d3   Thumb Code    32  usb.o(.text)
    get_stall_status                         0x000008f3   Thumb Code    32  usb.o(.text)
    usb_clear_stall                          0x00000913   Thumb Code    62  usb.o(.text)
    usb_send_stall                           0x00000951   Thumb Code    36  usb.o(.text)
    usb_read_ep_fifo                         0x00000975   Thumb Code    34  usb.o(.text)
    usb_write_ep_fifo                        0x00000997   Thumb Code    34  usb.o(.text)
    start_ep_transfer                        0x000009b9   Thumb Code    52  usb.o(.text)
    usb_send_data                            0x000009ed   Thumb Code   168  usb.o(.text)
    usb_receive_data                         0x00000a95   Thumb Code   160  usb.o(.text)
    usb_control_transfer                     0x00000b45   Thumb Code   126  usb_app.o(.text)
    usb_resume                               0x00000bc3   Thumb Code    12  usb_app.o(.text)
    usb_suspend                              0x00000bcf   Thumb Code    12  usb_app.o(.text)
    usb_bus_reset                            0x00000bdb   Thumb Code   104  usb_app.o(.text)
    usb_monitor                              0x00000c43   Thumb Code    98  usb_app.o(.text)
    usb_u2f_fuction                          0x00000ca5   Thumb Code    74  usb_app.o(.text)
    usb_hid_fuction                          0x00000cef   Thumb Code    96  usb_app.o(.text)
    usb_transfer_monitor                     0x00000d4f   Thumb Code    46  usb_app.o(.text)
    USB_IRQHandler                           0x00000d7d   Thumb Code   140  usb_app.o(.text)
    usb_get_status                           0x00000e09   Thumb Code   150  usb_app.o(.text)
    usb_clear_feature                        0x00000e9f   Thumb Code    82  usb_app.o(.text)
    usb_set_feature                          0x00000ef1   Thumb Code   172  usb_app.o(.text)
    usb_set_address                          0x00000f9d   Thumb Code    18  usb_app.o(.text)
    usb_get_configuration                    0x00000faf   Thumb Code    24  usb_app.o(.text)
    usb_set_configuration                    0x00000fc7   Thumb Code    20  usb_app.o(.text)
    usb_get_interface                        0x00000fdb   Thumb Code    60  usb_app.o(.text)
    usb_set_interface                        0x00001017   Thumb Code    34  usb_app.o(.text)
    usb_get_description                      0x00001039   Thumb Code   400  usb_app.o(.text)
    reserved                                 0x000011c9   Thumb Code     4  usb_app.o(.text)
    get_report                               0x000011cd   Thumb Code    26  usb_app.o(.text)
    set_report                               0x000011e7   Thumb Code    26  usb_app.o(.text)
    get_idle                                 0x00001201   Thumb Code    12  usb_app.o(.text)
    get_protocol                             0x0000120d   Thumb Code    12  usb_app.o(.text)
    set_idle                                 0x00001219   Thumb Code    12  usb_app.o(.text)
    set_protocol                             0x00001225   Thumb Code    12  usb_app.o(.text)
    usb_initial                              0x00001231   Thumb Code    58  usb_app.o(.text)
    usb_remote_wakeup                        0x0000126b   Thumb Code    30  usb_app.o(.text)
    usb_set_data_reveived_callback           0x00001289   Thumb Code     6  usb_app.o(.text)
    USBD_EndPoint0_Setup_WinUSB_ReqToDevice  0x000012d5   Thumb Code    32  webusb.o(.text)
    USBD_EndPoint0_Setup_WebUSB_ReqToDevice  0x000012f5   Thumb Code    38  webusb.o(.text)
    printf_buff_byte                         0x00001329   Thumb Code    36  common.o(.text)
    printf_buff_word                         0x0000134d   Thumb Code    38  common.o(.text)
    delay                                    0x00001373   Thumb Code     6  common.o(.text)
    reverse_DWORD                            0x00001379   Thumb Code    18  common.o(.text)
    reverse_memory                           0x0000138b   Thumb Code    28  common.o(.text)
    main                                     0x000013bd   Thumb Code    20  main.o(.text)
    __2printf                                0x000013d1   Thumb Code    20  noretval__2printf.o(.text)
    _printf_int_dec                          0x000013e9   Thumb Code   104  _printf_dec.o(.text)
    _printf_int_hex                          0x00001461   Thumb Code    84  _printf_hex_int.o(.text)
    _printf_longlong_hex                     0x00001461   Thumb Code     0  _printf_hex_int.o(.text)
    __printf                                 0x000014b9   Thumb Code   270  __printf_wp.o(.text)
    __use_two_region_memory                  0x000015c7   Thumb Code     2  heapauxi.o(.text)
    __rt_heap_escrow$2region                 0x000015c9   Thumb Code     2  heapauxi.o(.text)
    __rt_heap_expand$2region                 0x000015cb   Thumb Code     2  heapauxi.o(.text)
    _printf_int_common                       0x000015cd   Thumb Code   178  _printf_intcommon.o(.text)
    _printf_char_file                        0x00001681   Thumb Code    32  _printf_char_file.o(.text)
    _printf_char_common                      0x000016af   Thumb Code    32  _printf_char_common.o(.text)
    ferror                                   0x000016d5   Thumb Code     8  ferror.o(.text)
    __user_setup_stackheap                   0x000016dd   Thumb Code    74  sys_stackheap_outer.o(.text)
    exit                                     0x00001727   Thumb Code    18  exit.o(.text)
    __user_libspace                          0x00001739   Thumb Code     8  libspace.o(.text)
    __user_perproc_libspace                  0x00001739   Thumb Code     0  libspace.o(.text)
    __user_perthread_libspace                0x00001739   Thumb Code     0  libspace.o(.text)
    _sys_exit                                0x00001741   Thumb Code     8  sys_exit.o(.text)
    __I$use$semihosting                      0x0000174d   Thumb Code     0  use_no_semi.o(.text)
    __use_no_semihosting_swi                 0x0000174d   Thumb Code     2  use_no_semi.o(.text)
    __semihosting_library_function           0x0000174f   Thumb Code     0  indicate_semi.o(.text)
    _is_digit                                0x0000174f   Thumb Code    14  __printf_wp.o(i._is_digit)
    usb_descriptor_config                    0x0000175c   Data          82  usb_desc.o(.constdata)
    Vendor_HID_ReportDescriptor              0x000017ae   Data          34  usb_desc.o(.constdata)
    Fido_HID_ReportDescriptor                0x000017d0   Data          34  usb_desc.o(.constdata)
    USBD_BinaryObjectStoreDescriptor         0x000017f2   Data          57  webusb.o(.constdata)
    MS_OS_20_DESCRIPTOR_SET                  0x0000182b   Data         178  webusb.o(.constdata)
    USBD_WebUSBURLDescriptor                 0x000018dd   Data          28  webusb.o(.constdata)
    Region$$Table$$Base                      0x00001924   Number         0  anon$$obj.o(Region$$Table)
    Region$$Table$$Limit                     0x00001944   Number         0  anon$$obj.o(Region$$Table)
    SystemCoreClock                          0x20000000   Data           4  system_ach512.o(.data)
    SRCClock                                 0x20000004   Data           4  system_ach512.o(.data)
    PClock                                   0x20000008   Data           4  system_ach512.o(.data)
    tx_flag                                  0x2000000c   Data           1  uart.o(.data)
    rx_flag                                  0x2000000d   Data           1  uart.o(.data)
    rx_count                                 0x2000000e   Data           1  uart.o(.data)
    __stdout                                 0x20000010   Data           4  uart.o(.data)
    flag_clear_stall                         0x20000014   Data           1  usb.o(.data)
    flag_usb_int                             0x20000022   Data           1  usb_app.o(.data)
    flag_usb_ep1_int                         0x20000023   Data           1  usb_app.o(.data)
    flag_usb_ep2_int                         0x20000024   Data           1  usb_app.o(.data)
    flag_usb_enum_finish                     0x20000025   Data           1  usb_app.o(.data)
    out_ep_index                             0x20000026   Data           1  usb_app.o(.data)
    in_ep_index                              0x20000027   Data           1  usb_app.o(.data)
    StandardDeviceRequest                    0x20000038   Data          64  usb_app.o(.data)
    ClassRequest                             0x20000078   Data          48  usb_app.o(.data)
    device_descr                             0x200000a8   Data          18  usb_desc.o(.data)
    device_qualifier_descr                   0x200000ba   Data          10  usb_desc.o(.data)
    USBD_HID_Desc                            0x200000c4   Data           9  usb_desc.o(.data)
    StrDesc_LanguageID                       0x200000cd   Data           4  usb_desc.o(.data)
    StrDesc_Manufacturer                     0x200000d1   Data          16  usb_desc.o(.data)
    StrDesc_Product                          0x200000e1   Data          20  usb_desc.o(.data)
    StrDesc_SerialNumber                     0x200000f5   Data          10  usb_desc.o(.data)
    StrDesc_WebusbNumber                     0x200000ff   Data          14  usb_desc.o(.data)
    uart_rx_buf                              0x20000110   Data          32  uart.o(.bss)
    g_data_buf                               0x20000130   Data        2048  usb_app.o(.bss)
    __libspace_start                         0x20000930   Data          96  libspace.o(.bss)
    __temporary_stack_top$libspace           0x20000990   Data           0  libspace.o(.bss)



==============================================================================

Memory Map of the image

  Image Entry point : 0x000000c1

  Load Region LR_IROM1 (Base: 0x00000000, Size: 0x00001a54, Max: 0x00040000, ABSOLUTE)

    Execution Region ER_IROM1 (Exec base: 0x00000000, Load base: 0x00000000, Size: 0x00001944, Max: 0x00040000, ABSOLUTE)

    Exec Addr    Load Addr    Size         Type   Attr      Idx    E Section Name        Object

    0x00000000   0x00000000   0x000000c0   Data   RO            3    RESET               startup.o
    0x000000c0   0x000000c0   0x00000008   Code   RO          412  * !!!main             c_w.l(__main.o)
    0x000000c8   0x000000c8   0x00000034   Code   RO          582    !!!scatter          c_w.l(__scatter.o)
    0x000000fc   0x000000fc   0x0000001a   Code   RO          584    !!handler_copy      c_w.l(__scatter_copy.o)
    0x00000116   0x00000116   0x00000002   PAD
    0x00000118   0x00000118   0x0000001c   Code   RO          586    !!handler_zi        c_w.l(__scatter_zi.o)
    0x00000134   0x00000134   0x00000000   Code   RO          409    .ARM.Collect$$_printf_percent$$00000000  c_w.l(_printf_percent.o)
    0x00000134   0x00000134   0x00000006   Code   RO          408    .ARM.Collect$$_printf_percent$$00000009  c_w.l(_printf_d.o)
    0x0000013a   0x0000013a   0x00000006   Code   RO          407    .ARM.Collect$$_printf_percent$$0000000C  c_w.l(_printf_x.o)
    0x00000140   0x00000140   0x00000004   Code   RO          419    .ARM.Collect$$_printf_percent$$00000017  c_w.l(_printf_percent_end.o)
    0x00000144   0x00000144   0x00000002   Code   RO          452    .ARM.Collect$$libinit$$00000000  c_w.l(libinit.o)
    0x00000146   0x00000146   0x00000000   Code   RO          459    .ARM.Collect$$libinit$$00000002  c_w.l(libinit2.o)
    0x00000146   0x00000146   0x00000000   Code   RO          461    .ARM.Collect$$libinit$$00000004  c_w.l(libinit2.o)
    0x00000146   0x00000146   0x00000000   Code   RO          464    .ARM.Collect$$libinit$$0000000A  c_w.l(libinit2.o)
    0x00000146   0x00000146   0x00000000   Code   RO          466    .ARM.Collect$$libinit$$0000000C  c_w.l(libinit2.o)
    0x00000146   0x00000146   0x00000000   Code   RO          468    .ARM.Collect$$libinit$$0000000E  c_w.l(libinit2.o)
    0x00000146   0x00000146   0x00000000   Code   RO          471    .ARM.Collect$$libinit$$00000011  c_w.l(libinit2.o)
    0x00000146   0x00000146   0x00000000   Code   RO          473    .ARM.Collect$$libinit$$00000013  c_w.l(libinit2.o)
    0x00000146   0x00000146   0x00000000   Code   RO          475    .ARM.Collect$$libinit$$00000015  c_w.l(libinit2.o)
    0x00000146   0x00000146   0x00000000   Code   RO          477    .ARM.Collect$$libinit$$00000017  c_w.l(libinit2.o)
    0x00000146   0x00000146   0x00000000   Code   RO          479    .ARM.Collect$$libinit$$00000019  c_w.l(libinit2.o)
    0x00000146   0x00000146   0x00000000   Code   RO          481    .ARM.Collect$$libinit$$0000001B  c_w.l(libinit2.o)
    0x00000146   0x00000146   0x00000000   Code   RO          483    .ARM.Collect$$libinit$$0000001D  c_w.l(libinit2.o)
    0x00000146   0x00000146   0x00000000   Code   RO          485    .ARM.Collect$$libinit$$0000001F  c_w.l(libinit2.o)
    0x00000146   0x00000146   0x00000000   Code   RO          487    .ARM.Collect$$libinit$$00000021  c_w.l(libinit2.o)
    0x00000146   0x00000146   0x00000000   Code   RO          489    .ARM.Collect$$libinit$$00000023  c_w.l(libinit2.o)
    0x00000146   0x00000146   0x00000000   Code   RO          491    .ARM.Collect$$libinit$$00000025  c_w.l(libinit2.o)
    0x00000146   0x00000146   0x00000000   Code   RO          495    .ARM.Collect$$libinit$$0000002C  c_w.l(libinit2.o)
    0x00000146   0x00000146   0x00000000   Code   RO          497    .ARM.Collect$$libinit$$0000002E  c_w.l(libinit2.o)
    0x00000146   0x00000146   0x00000000   Code   RO          499    .ARM.Collect$$libinit$$00000030  c_w.l(libinit2.o)
    0x00000146   0x00000146   0x00000000   Code   RO          501    .ARM.Collect$$libinit$$00000032  c_w.l(libinit2.o)
    0x00000146   0x00000146   0x00000002   Code   RO          502    .ARM.Collect$$libinit$$00000033  c_w.l(libinit2.o)
    0x00000148   0x00000148   0x00000002   Code   RO          522    .ARM.Collect$$libshutdown$$00000000  c_w.l(libshutdown.o)
    0x0000014a   0x0000014a   0x00000000   Code   RO          535    .ARM.Collect$$libshutdown$$00000002  c_w.l(libshutdown2.o)
    0x0000014a   0x0000014a   0x00000000   Code   RO          537    .ARM.Collect$$libshutdown$$00000004  c_w.l(libshutdown2.o)
    0x0000014a   0x0000014a   0x00000000   Code   RO          540    .ARM.Collect$$libshutdown$$00000007  c_w.l(libshutdown2.o)
    0x0000014a   0x0000014a   0x00000000   Code   RO          543    .ARM.Collect$$libshutdown$$0000000A  c_w.l(libshutdown2.o)
    0x0000014a   0x0000014a   0x00000000   Code   RO          545    .ARM.Collect$$libshutdown$$0000000C  c_w.l(libshutdown2.o)
    0x0000014a   0x0000014a   0x00000000   Code   RO          548    .ARM.Collect$$libshutdown$$0000000F  c_w.l(libshutdown2.o)
    0x0000014a   0x0000014a   0x00000002   Code   RO          549    .ARM.Collect$$libshutdown$$00000010  c_w.l(libshutdown2.o)
    0x0000014c   0x0000014c   0x00000000   Code   RO          414    .ARM.Collect$$rtentry$$00000000  c_w.l(__rtentry.o)
    0x0000014c   0x0000014c   0x00000000   Code   RO          421    .ARM.Collect$$rtentry$$00000002  c_w.l(__rtentry2.o)
    0x0000014c   0x0000014c   0x00000006   Code   RO          433    .ARM.Collect$$rtentry$$00000004  c_w.l(__rtentry4.o)
    0x00000152   0x00000152   0x00000000   Code   RO          423    .ARM.Collect$$rtentry$$00000009  c_w.l(__rtentry2.o)
    0x00000152   0x00000152   0x00000004   Code   RO          424    .ARM.Collect$$rtentry$$0000000A  c_w.l(__rtentry2.o)
    0x00000156   0x00000156   0x00000000   Code   RO          426    .ARM.Collect$$rtentry$$0000000C  c_w.l(__rtentry2.o)
    0x00000156   0x00000156   0x00000008   Code   RO          427    .ARM.Collect$$rtentry$$0000000D  c_w.l(__rtentry2.o)
    0x0000015e   0x0000015e   0x00000002   Code   RO          456    .ARM.Collect$$rtexit$$00000000  c_w.l(rtexit.o)
    0x00000160   0x00000160   0x00000000   Code   RO          504    .ARM.Collect$$rtexit$$00000002  c_w.l(rtexit2.o)
    0x00000160   0x00000160   0x00000004   Code   RO          505    .ARM.Collect$$rtexit$$00000003  c_w.l(rtexit2.o)
    0x00000164   0x00000164   0x00000006   Code   RO          506    .ARM.Collect$$rtexit$$00000004  c_w.l(rtexit2.o)
    0x0000016a   0x0000016a   0x00000002   PAD
    0x0000016c   0x0000016c   0x00000034   Code   RO            4    .text               startup.o
    0x000001a0   0x000001a0   0x000004b4   Code   RO           13    .text               system_ach512.o
    0x00000654   0x00000654   0x00000270   Code   RO           84    .text               uart.o
    0x000008c4   0x000008c4   0x00000280   Code   RO          130    .text               usb.o
    0x00000b44   0x00000b44   0x00000790   Code   RO          162    .text               usb_app.o
    0x000012d4   0x000012d4   0x00000054   Code   RO          249    .text               webusb.o
    0x00001328   0x00001328   0x00000094   Code   RO          283    .text               common.o
    0x000013bc   0x000013bc   0x00000014   Code   RO          327    .text               main.o
    0x000013d0   0x000013d0   0x00000018   Code   RO          360    .text               c_w.l(noretval__2printf.o)
    0x000013e8   0x000013e8   0x00000078   Code   RO          364    .text               c_w.l(_printf_dec.o)
    0x00001460   0x00001460   0x00000058   Code   RO          369    .text               c_w.l(_printf_hex_int.o)
    0x000014b8   0x000014b8   0x0000010e   Code   RO          395    .text               c_w.l(__printf_wp.o)
    0x000015c6   0x000015c6   0x00000006   Code   RO          410    .text               c_w.l(heapauxi.o)
    0x000015cc   0x000015cc   0x000000b2   Code   RO          415    .text               c_w.l(_printf_intcommon.o)
    0x0000167e   0x0000167e   0x00000002   PAD
    0x00001680   0x00001680   0x00000024   Code   RO          417    .text               c_w.l(_printf_char_file.o)
    0x000016a4   0x000016a4   0x00000030   Code   RO          435    .text               c_w.l(_printf_char_common.o)
    0x000016d4   0x000016d4   0x00000008   Code   RO          437    .text               c_w.l(ferror.o)
    0x000016dc   0x000016dc   0x0000004a   Code   RO          441    .text               c_w.l(sys_stackheap_outer.o)
    0x00001726   0x00001726   0x00000012   Code   RO          445    .text               c_w.l(exit.o)
    0x00001738   0x00001738   0x00000008   Code   RO          453    .text               c_w.l(libspace.o)
    0x00001740   0x00001740   0x0000000c   Code   RO          514    .text               c_w.l(sys_exit.o)
    0x0000174c   0x0000174c   0x00000002   Code   RO          525    .text               c_w.l(use_no_semi.o)
    0x0000174e   0x0000174e   0x00000000   Code   RO          527    .text               c_w.l(indicate_semi.o)
    0x0000174e   0x0000174e   0x0000000e   Code   RO          397    i._is_digit         c_w.l(__printf_wp.o)
    0x0000175c   0x0000175c   0x00000052   Data   RO          206    .constdata          usb_desc.o
    0x000017ae   0x000017ae   0x00000022   Data   RO          207    .constdata          usb_desc.o
    0x000017d0   0x000017d0   0x00000022   Data   RO          208    .constdata          usb_desc.o
    0x000017f2   0x000017f2   0x00000039   Data   RO          250    .constdata          webusb.o
    0x0000182b   0x0000182b   0x000000ce   Data   RO          251    .constdata          webusb.o
    0x000018f9   0x000018f9   0x00000028   Data   RO          370    .constdata          c_w.l(_printf_hex_int.o)
    0x00001921   0x00001921   0x00000003   PAD
    0x00001924   0x00001924   0x00000020   Data   RO          580    Region$$Table       anon$$obj.o


    Execution Region RW_IRAM1 (Exec base: 0x20000000, Load base: 0x00001944, Size: 0x00001190, Max: 0x00020000, ABSOLUTE)

    Exec Addr    Load Addr    Size         Type   Attr      Idx    E Section Name        Object

    0x20000000   0x00001944   0x0000000c   Data   RW           14    .data               system_ach512.o
    0x2000000c   0x00001950   0x00000003   Data   RW           86    .data               uart.o
    0x2000000f   0x00001953   0x00000001   PAD
    0x20000010   0x00001954   0x00000004   Data   RW           87    .data               uart.o
    0x20000014   0x00001958   0x0000000a   Data   RW          131    .data               usb.o
    0x2000001e   0x00001962   0x00000002   PAD
    0x20000020   0x00001964   0x00000088   Data   RW          164    .data               usb_app.o
    0x200000a8   0x000019ec   0x00000012   Data   RW          209    .data               usb_desc.o
    0x200000ba   0x000019fe   0x0000000a   Data   RW          210    .data               usb_desc.o
    0x200000c4   0x00001a08   0x00000009   Data   RW          211    .data               usb_desc.o
    0x200000cd   0x00001a11   0x00000004   Data   RW          212    .data               usb_desc.o
    0x200000d1   0x00001a15   0x00000010   Data   RW          213    .data               usb_desc.o
    0x200000e1   0x00001a25   0x00000014   Data   RW          214    .data               usb_desc.o
    0x200000f5   0x00001a39   0x0000000a   Data   RW          215    .data               usb_desc.o
    0x200000ff   0x00001a43   0x0000000e   Data   RW          216    .data               usb_desc.o
    0x2000010d   0x00001a51   0x00000003   PAD
    0x20000110        -       0x00000020   Zero   RW           85    .bss                uart.o
    0x20000130        -       0x00000800   Zero   RW          163    .bss                usb_app.o
    0x20000930        -       0x00000060   Zero   RW          454    .bss                c_w.l(libspace.o)
    0x20000990        -       0x00000000   Zero   RW            2    HEAP                startup.o
    0x20000990        -       0x00000800   Zero   RW            1    STACK               startup.o


==============================================================================

Image component sizes


      Code (inc. data)   RO Data    RW Data    ZI Data      Debug   Object Name

       148         22          0          0          0       2299   common.o
        20          0          0          0          0        387   main.o
        52         18        192          0       2048        784   startup.o
      1204         42          0         12          0      25898   system_ach512.o
       624         90          0          7         32      28487   uart.o
       640         16          0         10          0       4638   usb.o
      1936        122          0        136       2048      11890   usb_app.o
         0          0        150        101          0       3298   usb_desc.o
        84         14        263          0          0       1610   webusb.o

    ----------------------------------------------------------------------
      4708        324        637        272       4128      79291   Object Totals
         0          0         32          0          0          0   (incl. Generated)
         0          0          0          6          0          0   (incl. Padding)

    ----------------------------------------------------------------------

      Code (inc. data)   RO Data    RW Data    ZI Data      Debug   Library Member Name

         8          0          0          0          0         68   __main.o
       284          0          0          0          0        156   __printf_wp.o
         0          0          0          0          0          0   __rtentry.o
        12          0          0          0          0          0   __rtentry2.o
         6          0          0          0          0          0   __rtentry4.o
        52          8          0          0          0          0   __scatter.o
        26          0          0          0          0          0   __scatter_copy.o
        28          0          0          0          0          0   __scatter_zi.o
        48          6          0          0          0         96   _printf_char_common.o
        36          4          0          0          0         80   _printf_char_file.o
         6          0          0          0          0          0   _printf_d.o
       120         16          0          0          0         92   _printf_dec.o
        88          4         40          0          0         88   _printf_hex_int.o
       178          0          0          0          0         88   _printf_intcommon.o
         0          0          0          0          0          0   _printf_percent.o
         4          0          0          0          0          0   _printf_percent_end.o
         6          0          0          0          0          0   _printf_x.o
        18          0          0          0          0         80   exit.o
         8          0          0          0          0         68   ferror.o
         6          0          0          0          0        152   heapauxi.o
         0          0          0          0          0          0   indicate_semi.o
         2          0          0          0          0          0   libinit.o
         2          0          0          0          0          0   libinit2.o
         2          0          0          0          0          0   libshutdown.o
         2          0          0          0          0          0   libshutdown2.o
         8          4          0          0         96         68   libspace.o
        24          4          0          0          0         84   noretval__2printf.o
         2          0          0          0          0          0   rtexit.o
        10          0          0          0          0          0   rtexit2.o
        12          4          0          0          0         68   sys_exit.o
        74          0          0          0          0         80   sys_stackheap_outer.o
         2          0          0          0          0         68   use_no_semi.o

    ----------------------------------------------------------------------
      1080         50         43          0         96       1336   Library Totals
         6          0          3          0          0          0   (incl. Padding)

    ----------------------------------------------------------------------

      Code (inc. data)   RO Data    RW Data    ZI Data      Debug   Library Name

      1074         50         40          0         96       1336   c_w.l

    ----------------------------------------------------------------------
      1080         50         43          0         96       1336   Library Totals

    ----------------------------------------------------------------------

==============================================================================


      Code (inc. data)   RO Data    RW Data    ZI Data      Debug   

      5788        374        680        272       4224      79219   Grand Totals
      5788        374        680        272       4224      79219   ELF Image Totals
      5788        374        680        272          0          0   ROM Totals

==============================================================================

    Total RO  Size (Code + RO Data)                 6468 (   6.32kB)
    Total RW  Size (RW Data + ZI Data)              4496 (   4.39kB)
    Total ROM Size (Code + RO Data + RW Data)       6740 (   6.58kB)

==============================================================================

